[colorlib.com/etc/lf/Login_v4/index.html]
[backblue.gif]
[fade.gif]
[index.html]
[colorlib.com/etc/lf/Login_v4/images/icons/favicon.ico]
[colorlib.com/etc/lf/Login_v4/vendor/bootstrap/css/bootstrap.min.css]
[colorlib.com/etc/lf/Login_v4/fonts/font-awesome-4.7.0/css/font-awesome.min.css]
[colorlib.com/etc/lf/Login_v4/fonts/iconic/css/material-design-iconic-font.min.css]
[colorlib.com/etc/lf/Login_v4/vendor/animate/animate.css]
[colorlib.com/etc/lf/Login_v4/vendor/css-hamburgers/hamburgers.min.css]
[colorlib.com/etc/lf/Login_v4/vendor/animsition/css/animsition.min.css]
[colorlib.com/etc/lf/Login_v4/vendor/select2/select2.min.css]
[colorlib.com/etc/lf/Login_v4/vendor/daterangepicker/daterangepicker.css]
[colorlib.com/etc/lf/Login_v4/css/util.css]
[colorlib.com/etc/lf/Login_v4/css/main.css]
[colorlib.com/etc/lf/Login_v4/images/bg-01.jpg]
[colorlib.com/etc/lf/Login_v4/vendor/animsition/js/animsition.min.js]
[colorlib.com/etc/lf/Login_v4/vendor/jquery/jquery-3.2.1.min.js]
[colorlib.com/etc/lf/Login_v4/vendor/bootstrap/js/popper.js]
[colorlib.com/etc/lf/Login_v4/vendor/bootstrap/js/bootstrap.min.js]
[colorlib.com/etc/lf/Login_v4/vendor/daterangepicker/daterangepicker.js]
[colorlib.com/etc/lf/Login_v4/vendor/select2/select2.min.js]
[colorlib.com/etc/lf/Login_v4/vendor/daterangepicker/moment.min.js]
[colorlib.com/etc/lf/Login_v4/index.html]
[colorlib.com/etc/lf/Login_v4/vendor/bootstrap/css/bootstrap.min.css]
[colorlib.com/etc/lf/Login_v4/js/main.js]
[colorlib.com/etc/lf/Login_v4/fonts/font-awesome-4.7.0/fonts/fontawesome-webfont3e6e.eot]
[colorlib.com/etc/lf/Login_v4/fonts/font-awesome-4.7.0/fonts/fontawesome-webfontd41d.eot]
[colorlib.com/etc/lf/Login_v4/fonts/font-awesome-4.7.0/fonts/fontawesome-webfont3e6e.woff2]
[colorlib.com/etc/lf/Login_v4/fonts/font-awesome-4.7.0/css/font-awesome.min.css]
[colorlib.com/etc/lf/Login_v4/fonts/font-awesome-4.7.0/fonts/fontawesome-webfont3e6e.svg]
[colorlib.com/etc/lf/Login_v4/fonts/iconic/fonts/Material-Design-Iconic-Fontd1f1.woff2]
[colorlib.com/etc/lf/Login_v4/fonts/iconic/fonts/Material-Design-Iconic-Fontd1f1.woff]
[colorlib.com/etc/lf/Login_v4/fonts/iconic/css/material-design-iconic-font.min.css]
[colorlib.com/etc/lf/Login_v4/vendor/animate/animate.css]
[colorlib.com/etc/lf/Login_v4/vendor/css-hamburgers/hamburgers.min.css]
[colorlib.com/etc/lf/Login_v4/vendor/animsition/css/animsition.min.css]
[colorlib.com/etc/lf/Login_v4/vendor/select2/select2.min.css]
[colorlib.com/etc/lf/Login_v4/vendor/daterangepicker/daterangepicker.css]
[colorlib.com/etc/lf/Login_v4/css/util.css]
[colorlib.com/etc/lf/Login_v4/fonts/iconic/fonts/Material-Design-Iconic-Fontd1f1.ttf]
[colorlib.com/etc/lf/Login_v4/fonts/poppins/Poppins-Regular.ttf]
[colorlib.com/etc/lf/Login_v4/fonts/font-awesome-4.7.0/fonts/fontawesome-webfont3e6e.ttf]
[colorlib.com/etc/lf/Login_v4/fonts/poppins/Poppins-Bold.ttf]
[colorlib.com/etc/lf/Login_v4/fonts/poppins/Poppins-Medium.ttf]
[colorlib.com/etc/lf/Login_v4/css/main.css]
[colorlib.com/cdn-cgi/zaraz/sd0d9.js]
[colorlib.com/etc/lf/Login_v4/vendor/countdowntime/countdowntime.js]
[colorlib.com/etc/lf/Login_v4/fonts/poppins/Poppins-SemiBold.ttf]
[colorlib.com/etc/lf/Login_v4/fonts/font-awesome-4.7.0/fonts/fontawesome-webfont3e6e.woff]
[colorlib.com/etc/lf/Login_v4/fonts/font-awesome-4.7.0/fonts/fontawesome-webfont3e6e.svg]
