[html.digiboard.codebasket.xyz/login.html]
[backblue.gif]
[fade.gif]
[index.html]
[html.digiboard.codebasket.xyz/favicon.png]
[html.digiboard.codebasket.xyz/assets/vendor/css/OverlayScrollbars.min.css]
[html.digiboard.codebasket.xyz/assets/css/blue-color.css]
[html.digiboard.codebasket.xyz/assets/images/logo-black.png]
[html.digiboard.codebasket.xyz/index.html]
[html.digiboard.codebasket.xyz/reset-password.html]
[html.digiboard.codebasket.xyz/assets/vendor/css/bootstrap.min.css]
[html.digiboard.codebasket.xyz/assets/vendor/js/jquery.overlayScrollbars.min.js]
[html.digiboard.codebasket.xyz/assets/vendor/js/bootstrap.bundle.min.js]
[html.digiboard.codebasket.xyz/assets/js/main.js]
[html.digiboard.codebasket.xyz/login.html]
[html.digiboard.codebasket.xyz/assets/css/style.css]
[html.digiboard.codebasket.xyz/assets/vendor/js/jquery-3.6.0.min.js]
[html.digiboard.codebasket.xyz/assets/vendor/css/OverlayScrollbars.min.css]
[html.digiboard.codebasket.xyz/assets/vendor/css/bootstrap.min.css]
[html.digiboard.codebasket.xyz/assets/images/arrow-down.png]
[html.digiboard.codebasket.xyz/index-2.html]
[html.digiboard.codebasket.xyz/assets/images/check-mark.png]
[html.digiboard.codebasket.xyz/assets/images/circle-1.png]
[html.digiboard.codebasket.xyz/assets/vendor/images/sort_both_white.png]
[html.digiboard.codebasket.xyz/assets/vendor/images/sort_asc_white.png]
[html.digiboard.codebasket.xyz/assets/vendor/images/sort_desc_white.png]
[html.digiboard.codebasket.xyz/assets/vendor/images/sort_both_black.png]
[html.digiboard.codebasket.xyz/assets/vendor/images/sort_asc_black.png]
[html.digiboard.codebasket.xyz/assets/vendor/images/sort_desc_black.png]
[html.digiboard.codebasket.xyz/assets/images/check-mark-black.png]
[html.digiboard.codebasket.xyz/assets/images/circle-3.png]
[html.digiboard.codebasket.xyz/assets/images/bg.jpg]
[html.digiboard.codebasket.xyz/assets/images/auth-bg.png]
[html.digiboard.codebasket.xyz/assets/images/login-bg.jpg]
[html.digiboard.codebasket.xyz/assets/images/login.png]
[html.digiboard.codebasket.xyz/assets/images/welcome-bg.png]
[html.digiboard.codebasket.xyz/assets/images/verify-email-bg.png]
[html.digiboard.codebasket.xyz/assets/images/two-factor-bg.png]
[html.digiboard.codebasket.xyz/assets/images/vector.png]
[html.digiboard.codebasket.xyz/assets/images/chat-bg.png]
[html.digiboard.codebasket.xyz/assets/images/coming-soon-bg.jpg]
[html.digiboard.codebasket.xyz/assets/images/coming-soon-bg-2.jpg]
[html.digiboard.codebasket.xyz/assets/images/under-construction-bg.png]
[html.digiboard.codebasket.xyz/assets/images/bg-dark.jpg]
[html.digiboard.codebasket.xyz/assets/images/bg-white.jpg]
[html.digiboard.codebasket.xyz/assets/images/auth-bg-light.png]
[html.digiboard.codebasket.xyz/assets/images/welcome-bg-light.png]
[html.digiboard.codebasket.xyz/assets/images/two-factor-bg-light.png]
[html.digiboard.codebasket.xyz/assets/images/chat-bg-black.png]
[html.digiboard.codebasket.xyz/assets/css/style.css]
[html.digiboard.codebasket.xyz/assets/css/blue-color.css]
[html.digiboard.codebasket.xyz/assets/vendor/css/jquery.dataTables.min.css]
[html.digiboard.codebasket.xyz/assets/vendor/css/daterangepicker.css]
[html.digiboard.codebasket.xyz/assets/images/logo-small.png]
[html.digiboard.codebasket.xyz/assets/images/avatar.png]
[html.digiboard.codebasket.xyz/assets/images/avatar-2.png]
[html.digiboard.codebasket.xyz/assets/images/avatar-3.png]
[html.digiboard.codebasket.xyz/assets/images/avatar-4.png]
[html.digiboard.codebasket.xyz/assets/images/avatar-5.png]
[html.digiboard.codebasket.xyz/assets/images/avatar-6.png]
[html.digiboard.codebasket.xyz/assets/images/admin.png]
[html.digiboard.codebasket.xyz/view-profile.html]
[html.digiboard.codebasket.xyz/chat.html]
[html.digiboard.codebasket.xyz/task.html]
[html.digiboard.codebasket.xyz/edit-profile.html]
[html.digiboard.codebasket.xyz/assets/images/nav-bg-1.jpg]
[html.digiboard.codebasket.xyz/assets/images/nav-bg-2.jpg]
[html.digiboard.codebasket.xyz/assets/images/nav-bg-3.jpg]
[html.digiboard.codebasket.xyz/assets/images/nav-bg-4.jpg]
[html.digiboard.codebasket.xyz/assets/images/main-bg-1.jpg]
[html.digiboard.codebasket.xyz/assets/images/main-bg-2.jpg]
[html.digiboard.codebasket.xyz/assets/images/main-bg-3.jpg]
[html.digiboard.codebasket.xyz/assets/images/main-bg-4.jpg]
[html.digiboard.codebasket.xyz/crm-dashboard.html]
[html.digiboard.codebasket.xyz/hrm-dashboard.html]
[html.digiboard.codebasket.xyz/audience.html]
[html.digiboard.codebasket.xyz/company.html]
[html.digiboard.codebasket.xyz/leads.html]
[html.digiboard.codebasket.xyz/customer.html]
[html.digiboard.codebasket.xyz/add-employee.html]
[html.digiboard.codebasket.xyz/all-employee.html]
[html.digiboard.codebasket.xyz/attendance.html]
[html.digiboard.codebasket.xyz/all-customer.html]
[html.digiboard.codebasket.xyz/add-product.html]
[html.digiboard.codebasket.xyz/all-product.html]
[html.digiboard.codebasket.xyz/category.html]
[html.digiboard.codebasket.xyz/order.html]
[html.digiboard.codebasket.xyz/calendar.html]
[html.digiboard.codebasket.xyz/email.html]
[html.digiboard.codebasket.xyz/card-declined.html]
[html.digiboard.codebasket.xyz/promotion.html]
[html.digiboard.codebasket.xyz/subscription-confirm.html]
[html.digiboard.codebasket.xyz/welcome-mail.html]
[html.digiboard.codebasket.xyz/reset-password-mail.html]
[html.digiboard.codebasket.xyz/invoices.html]
[html.digiboard.codebasket.xyz/contact.html]
[html.digiboard.codebasket.xyz/login-2.html]
[html.digiboard.codebasket.xyz/login-3.html]
[html.digiboard.codebasket.xyz/registration.html]
[html.digiboard.codebasket.xyz/registration-2.html]
[html.digiboard.codebasket.xyz/update-password.html]
[html.digiboard.codebasket.xyz/login-status.html]
[html.digiboard.codebasket.xyz/account-deactivated.html]
[html.digiboard.codebasket.xyz/welcome.html]
[html.digiboard.codebasket.xyz/email-verify.html]
[html.digiboard.codebasket.xyz/two-factor.html]
[html.digiboard.codebasket.xyz/multi-step-signup.html]
[html.digiboard.codebasket.xyz/error-400.html]
[html.digiboard.codebasket.xyz/error-403.html]
[html.digiboard.codebasket.xyz/error-404.html]
[html.digiboard.codebasket.xyz/error-408.html]
[html.digiboard.codebasket.xyz/error-500.html]
[html.digiboard.codebasket.xyz/error-503.html]
[html.digiboard.codebasket.xyz/error-504.html]
[html.digiboard.codebasket.xyz/coming-soon.html]
[html.digiboard.codebasket.xyz/coming-soon-2.html]
[html.digiboard.codebasket.xyz/pricing-table.html]
[html.digiboard.codebasket.xyz/pricing-table-2.html]
[html.digiboard.codebasket.xyz/under-construction.html]
[html.digiboard.codebasket.xyz/utility.html]
[html.digiboard.codebasket.xyz/sweet-alert.html]
[html.digiboard.codebasket.xyz/nestable-list.html]
[html.digiboard.codebasket.xyz/swiper-slider.html]
[html.digiboard.codebasket.xyz/form.html]
[html.digiboard.codebasket.xyz/table.html]
[html.digiboard.codebasket.xyz/charts.html]
[html.digiboard.codebasket.xyz/icon.html]
[html.digiboard.codebasket.xyz/map.html]
[html.digiboard.codebasket.xyz/file-manager.html]
[html.digiboard.codebasket.xyz/assets/vendor/js/apexcharts.js]
[html.digiboard.codebasket.xyz/assets/vendor/js/jquery.dataTables.min.js]
[html.digiboard.codebasket.xyz/assets/vendor/js/moment.min.js]
[html.digiboard.codebasket.xyz/assets/vendor/js/daterangepicker.js]
[html.digiboard.codebasket.xyz/assets/js/dashboard.js]
[html.digiboard.codebasket.xyz/index.html]
[html.digiboard.codebasket.xyz/reset-password.html]
[html.digiboard.codebasket.xyz/animation.html]
[html.digiboard.codebasket.xyz/assets/vendor/css/all.min.css]
[html.digiboard.codebasket.xyz/assets/vendor/webfonts/fa-brands-400.woff2]
[html.digiboard.codebasket.xyz/assets/vendor/webfonts/fa-brands-400.ttf]
[html.digiboard.codebasket.xyz/assets/vendor/webfonts/fa-duotone-900.woff2]
[html.digiboard.codebasket.xyz/assets/vendor/webfonts/fa-duotone-900.ttf]
[html.digiboard.codebasket.xyz/assets/vendor/webfonts/fa-light-300.woff2]
[html.digiboard.codebasket.xyz/assets/vendor/webfonts/fa-light-300.ttf]
[html.digiboard.codebasket.xyz/assets/vendor/webfonts/fa-regular-400.woff2]
[html.digiboard.codebasket.xyz/assets/vendor/webfonts/fa-regular-400.ttf]
[html.digiboard.codebasket.xyz/assets/vendor/webfonts/fa-solid-900.woff2]
[html.digiboard.codebasket.xyz/assets/vendor/webfonts/fa-solid-900.ttf]
[html.digiboard.codebasket.xyz/assets/vendor/webfonts/fa-thin-100.woff2]
[html.digiboard.codebasket.xyz/assets/vendor/webfonts/fa-thin-100.ttf]
[html.digiboard.codebasket.xyz/assets/vendor/webfonts/fa-v4compatibility.woff2]
[html.digiboard.codebasket.xyz/assets/vendor/webfonts/fa-v4compatibility.ttf]
[html.digiboard.codebasket.xyz/assets/vendor/css/all.min.css]
[html.digiboard.codebasket.xyz/index-2.html]
[html.digiboard.codebasket.xyz/images/circle-1.html]
[html.digiboard.codebasket.xyz/images/circle-2.html]
[html.digiboard.codebasket.xyz/images/circle-3.html]
